Current number:
5
it's prime
Current number:
27
3
3
3
Current number:
43
it's prime
