a = -4.3. absolute value of a is: 
4.300000
b = 4.5. b to the power of 3 is: 
91.125000
