I don't know much about algebra but I know that one plus one equals
2
