1
we're all here awaiting for our silver invitation
to the big band in the sky
