take me to church
take me to church
take me to church
take me to church
take me to church
